2025-11-16 01:49:21 - Starte Initialisierung des Salt-Layouts im Repo: /home/s5in6o/01-01_HDaIP-cloud/sxplr-salt-repo
2025-11-16 01:49:21 - Erzeuge Verzeichnis: srv/salt/base/roles
2025-11-16 01:49:21 - Erzeuge Verzeichnis: srv/salt/base/profiles
2025-11-16 01:49:21 - Erzeuge Verzeichnis: srv/salt/base/infra/proxmox
2025-11-16 01:49:21 - Erzeuge Verzeichnis: srv/salt/base/infra/network
2025-11-16 01:49:21 - Erzeuge Verzeichnis: srv/salt/base/infra/security
2025-11-16 01:49:21 - Erzeuge Verzeichnis: srv/salt/base/apps/web
2025-11-16 01:49:21 - Erzeuge Verzeichnis: srv/salt/base/apps/db
2025-11-16 01:49:21 - Erzeuge Verzeichnis: srv/salt/base/orchestrate
2025-11-16 01:49:21 - Erzeuge Verzeichnis: srv/salt/dev/services
2025-11-16 01:49:21 - Erzeuge Verzeichnis: srv/salt/dev/states
2025-11-16 01:49:21 - Erzeuge Verzeichnis: srv/salt/dev/cloud/gcp
2025-11-16 01:49:21 - Erzeuge Verzeichnis: srv/salt/dev/cloud/yandex
2025-11-16 01:49:21 - Erzeuge Verzeichnis: srv/salt/dev/cloud/firebase
2025-11-16 01:49:21 - Erzeuge Verzeichnis: srv/salt/prod/services
2025-11-16 01:49:21 - Erzeuge Verzeichnis: srv/salt/prod/states
2025-11-16 01:49:21 - Erzeuge Verzeichnis: srv/salt/prod/cloud/gcp
2025-11-16 01:49:21 - Erzeuge Verzeichnis: srv/salt/prod/cloud/yandex
2025-11-16 01:49:21 - Erzeuge Verzeichnis: srv/salt/prod/cloud/firebase
2025-11-16 01:49:21 - Erzeuge Verzeichnis: srv/pillar/base
2025-11-16 01:49:21 - Erzeuge Verzeichnis: srv/pillar/dev
2025-11-16 01:49:21 - Erzeuge Verzeichnis: srv/pillar/prod
2025-11-16 01:49:21 - Erzeuge Verzeichnis: doc
2025-11-16 01:49:21 - Erzeuge /home/s5in6o/01-01_HDaIP-cloud/sxplr-salt-repo/srv/salt/base/top.sls
2025-11-16 01:49:21 - Erzeuge /home/s5in6o/01-01_HDaIP-cloud/sxplr-salt-repo/srv/salt/dev/top.sls
2025-11-16 01:49:21 - Erzeuge /home/s5in6o/01-01_HDaIP-cloud/sxplr-salt-repo/srv/salt/prod/top.sls
2025-11-16 01:49:21 - Erzeuge /home/s5in6o/01-01_HDaIP-cloud/sxplr-salt-repo/srv/pillar/base/top.sls
2025-11-16 01:49:21 - Erzeuge /home/s5in6o/01-01_HDaIP-cloud/sxplr-salt-repo/srv/pillar/dev/top.sls
2025-11-16 01:49:21 - Erzeuge /home/s5in6o/01-01_HDaIP-cloud/sxplr-salt-repo/srv/pillar/prod/top.sls
2025-11-16 01:49:21 - Erzeuge /home/s5in6o/01-01_HDaIP-cloud/sxplr-salt-repo/srv/salt/base/infra/proxmox/base.sls
2025-11-16 01:49:21 - Erzeuge /home/s5in6o/01-01_HDaIP-cloud/sxplr-salt-repo/srv/salt/base/infra/security/ssh.sls
2025-11-16 01:49:21 - Erzeuge /home/s5in6o/01-01_HDaIP-cloud/sxplr-salt-repo/doc/README-sxplr-salt-repo.md
2025-11-16 01:49:21 - Initialisierung abgeschlossen. Du kannst jetzt die States und Pillars weiter ausarbeiten.
